 
****************************************
Report : timing
        -path full
        -delay min
        -max_paths 1
Design : FFT_TOP
Version: V-2023.12-SP5-4
Date   : Mon Aug  4 17:41:16 2025
****************************************

 # A fanout number of 1000 was used for high fanout net computations.

Operating Conditions: TT_0P80V_0P00V_0P00V_0P00V_25C   Library: GF22FDX_SC7P5T_116CPP_BASE_CSC20L_TT_0P80V_0P00V_0P00V_0P00V_25C
Wire Load Model Mode: enclosed

  Startpoint: MODULE_0/U_CBFP0/U_STR_REG_7CLK/shift_reg_i_reg_0__0__0_
              (rising edge-triggered flip-flop clocked by cnt_clk)
  Endpoint: MODULE_0/U_CBFP0/U_STR_REG_7CLK/shift_reg_i_reg_0__1__0_
            (rising edge-triggered flip-flop clocked by cnt_clk)
  Path Group: cnt_clk
  Path Type: min

  Point                                                   Incr       Path
  --------------------------------------------------------------------------
  clock cnt_clk (rise edge)                               0.00       0.00
  clock network delay (ideal)                             0.00       0.00
  MODULE_0/U_CBFP0/U_STR_REG_7CLK/shift_reg_i_reg_0__0__0_/CLK (SC7P5T_SDFFRQX1_A_CSC20L)
                                                          0.00 #     0.00 r
  MODULE_0/U_CBFP0/U_STR_REG_7CLK/shift_reg_i_reg_0__0__0_/Q (SC7P5T_SDFFRQX1_A_CSC20L)
                                                         36.64      36.64 f
  MODULE_0/U_CBFP0/U_STR_REG_7CLK/shift_reg_i_reg_0__1__0_/D (SC7P5T_DFFRQX1_AS_CSC20L)
                                                          0.00      36.64 f
  data arrival time                                                 36.64

  clock cnt_clk (rise edge)                               0.00       0.00
  clock network delay (ideal)                             0.00       0.00
  clock uncertainty                                      50.00      50.00
  MODULE_0/U_CBFP0/U_STR_REG_7CLK/shift_reg_i_reg_0__1__0_/CLK (SC7P5T_DFFRQX1_AS_CSC20L)
                                                          0.00      50.00 r
  library hold time                                      11.25      61.25
  data required time                                                61.25
  --------------------------------------------------------------------------
  data required time                                                61.25
  data arrival time                                                -36.64
  --------------------------------------------------------------------------
  slack (VIOLATED)                                                 -24.61


1
